
> manzana40-frontend@1.0.0 build
> next build

  ▲ Next.js 14.2.35
  - Environments: .env

   Creating an optimized production build ...
Failed to compile.

./src/app/admin/homepage/page.tsx
Module not found: Can't resolve './admin.css'

https://nextjs.org/docs/messages/module-not-found


> Build failed because of webpack errors
